<!--[if (!IE) | (gte IE 9)]><!-->
<iframe frameborder='0'
        scrolling='no'
        marginwidth='0'
        marginheight='0'
        width='300'
        height='250'

        src='http://www.placelocalqa.com/js/v3/iframetag?creativeUrl=http%3A%2F%2Fstorage.staging.paperg.com%2Ftemplate-build-service%2Fmaster%2Fcampaigns%2Fv3.placelocalqa.com%2F463ab23e-9f8c-11e5-a633-0030487e4846%2Fcreatives%2Fmedium_rectangle.js&campaignID=147861&dimension_name=medium_rectangle&domain_name=www.placelocalqa.com&tracking_url=tracking.placelocalqa.com&p=1&random=56196339&animationTime=1&campaign_uuid=463ab23e-9f8c-11e5-a633-0030487e4846&landing_page=http%3A%2F%2Fpaperg.com&v=3'>
<!--<![endif]-->
    <a href='http://paperg.com' target='_blank' style='display:inline-block'>
        <img src='http://www.placelocalqa.com/backup_image.php?campaign_id=147861&width=300&height=250' border='0' />
    </a>
<!--[if (!IE) | (gte IE 9)]><!-->
</iframe>
<!--<![endif]-->
